# serializer version: 1
# name: test_compile_dynamic_table_with_multiple_wrong_option_types
  '''
  Invalid parameter type 'IdentifierOption' provided for 'refresh_mode'. Expected one of the following types: 'KeywordOption', 'SnowflakeKeyword'.

   Invalid parameter type 'IdentifierOption' provided for 'target_lag'. Expected one of the following types: 'TargetLagOption', 'Tuple[int, TimeUnit])', 'SnowflakeKeyword'.

   Invalid parameter type 'KeywordOption' provided for 'as_query'. Expected one of the following types: 'AsQueryOption', 'str', 'Selectable'.

   Invalid parameter type 'KeywordOption' provided for 'warehouse'. Expected one of the following types: 'IdentifierOption', 'str'.

  '''
# ---
# name: test_compile_dynamic_table_with_one_wrong_option_types
  '''
  Invalid parameter type 'LiteralOption' provided for 'warehouse'. Expected one of the following types: 'IdentifierOption', 'str'.

  '''
# ---
